// Jest Snapshot v1, https://goo.gl/fbAQLP

exports[`BoxList renders correctly and matches snapshot 1`] = `
<div>
  <div>
    <form
      onSubmit={[Function]}
    >
      <div>
        <label
          htmlFor="height"
        >
          Height
        </label>
        <input
          id="height"
          name="height"
          onChange={[Function]}
          type="text"
          value=""
        />
      </div>
      <div>
        <label
          htmlFor="width"
        >
          Width
        </label>
        <input
          id="width"
          name="width"
          onChange={[Function]}
          type="text"
          value=""
        />
      </div>
      <div>
        <label
          htmlFor="backgroundColor"
        >
          Background Color
        </label>
        <input
          id="backgroundColor"
          name="backgroundColor"
          onChange={[Function]}
          type="text"
          value=""
        />
      </div>
      <button
        id="newBoxButton"
      >
        Add a new box!
      </button>
    </form>
  </div>
</div>
`;
